- '<html>'
- '    <head>'
- '        <title>Fake Page</title>'
- '    <style>'
- '#production-ribbon{'
- ''
- '    font-weight: bold;'
- '    text-transform: uppercase;'
- '    pointer-events: none;'
- ''
- '    position: fixed;'
- '    background: #f30b0b;'
- '    color: #ffffff;'
- '    box-shadow: 0 0 0 999px #f30b0b;'
- '    clip-path: inset(0 -100%);'
- '}'
- ''
- '#production-ribbon.left'
- '{'
- '    inset: 0 auto auto 0;'
- '    transform-origin: 100% 0;'
- '    transform: translate(-29.3%) rotate(-45deg);'
- '}'
- ''
- '#production-ribbon.right'
- '{'
- '    inset: 0 0 auto auto;'
- '    transform-origin: 0 0;'
- '    transform: translate(29.3%) rotate(45deg);'
- '}'
- ''
- ''
- '</style></head>'
- '    <body>'
- '        <div>content</div>'
- '        <div id="production-ribbon" class="right">&nbsp;&nbsp;&nbsp;production&nbsp;&nbsp;&nbsp;</div></body>'
- '</html>'
